
> my-app@0.1.0 test
> react-scripts test --watchAll=false

FAIL src/hooks/useNotes.test.js
  ● Test suite failed to run

    Cannot find module '@testing-library/react-hooks' from 'src/hooks/useNotes.test.js'

    > 1 | import { renderHook, act } from '@testing-library/react-hooks';
        | ^
      2 | import { useNotes } from './useNotes';
      3 |
      4 | // Mock Firebase hook since we want to test the logic, not the backend connection

      at Resolver.resolveModule (node_modules/jest-resolve/build/resolver.js:324:11)
      at Object.<anonymous> (src/hooks/useNotes.test.js:1:1)

FAIL src/ReactNotesApp/NoteCard.test.js
  ● NoteCard Component › renders note content correctly

    TypeError: expect(...).toBeInTheDocument is not a function

      18 |     render(<NoteCard item={mockNote} onDelete={mockDelete} onEdit={mockEdit} />);
      19 |     
    > 20 |     expect(screen.getByText('Test Note')).toBeInTheDocument();
         |                                           ^
      21 |     expect(screen.getByText('This is a test content')).toBeInTheDocument();
      22 |     expect(screen.getByText('11/26/2025')).toBeInTheDocument();
      23 |   });

      at Object.<anonymous> (src/ReactNotesApp/NoteCard.test.js:20:43)

Test Suites: 2 failed, 2 total
Tests:       1 failed, 1 passed, 2 total
Snapshots:   0 total
Time:        3.372 s
Ran all test suites.
